{"tool":"phpunit","result":"passed","tests":26,"passed":26,"assertions":67,"duration_ms":13284}
